exports[`Footer component has not changed 1`] = `
<div
  className="page-footer">
  Copyright Â© 2017, Stock Software
</div>
`;
