exports[`Header component has not changed 1`] = `
<div
  className="page-header">
  <a
    href="http://www.stocksoftware.com.au">
    <img
      alt="Stock Software"
      src="stocksoftware.gif" />
  </a>
  <img
    alt="logo"
    className="logo"
    src="logo.gif" />
</div>
`;
